C51 COMPILER V9.52.0.0   EEPROM                                                            07/15/2021 17:28:53 PAGE 1   


C51 COMPILER V9.52.0.0, COMPILATION OF MODULE EEPROM
OBJECT MODULE PLACED IN EEPROM.obj
COMPILER INVOKED BY: E:\DTVT program\KEIL C 5 8051\C51\BIN\C51.EXE scr\EEPROM.c BROWSE INCDIR(.\inc) DEBUG OBJECTEXTEND 
                    -PRINT(.\EEPROM.lst) TABS(2) OBJECT(EEPROM.obj)

line level    source

   1          #include "SC92F732x_C.H"
   2          #include "EEPROM.h"
   3          #include "intrins.H"
   4          //----------------------------------------------------------------------------------------------
   5          //********************************************EXTERN********************************************
   6          
   7          //----------------------------------------------------------------------------------------------
   8          //********************************************DEFINE********************************************
   9          
  10          //----------------------------------------------------------------------------------------------
  11          //******************************************PROTOTYPE*******************************************
  12          
  13          //----------------------------------------------------------------------------------------------
  14          //*******************************************VARIABLE*******************************************
  15          unsigned char code *IapAddr = 0x00;
  16          //----------------------------------------------------------------------------------------------
  17          //*******************************************STRUCT*********************************************
  18          
  19          //----------------------------------------------------------------------------------------------
  20          //******************************************FUNCTION********************************************
  21          //----------------------------------------------------------------------------------------------
  22          //write to eeprom
  23          /*param: - ADddr: address to store data
  24               - Value: value to store 
  25               - IAPArea: 0x02 ==> write to EEPROM
  26                    0x00 ==> write to ROM
  27          */
  28          void IAPWrite(int Addr,char Value,char IAPArea)
  29          { 
  30   1        EA = 0;
  31   1        IAPDAT = Value;          //register store data
  32   1        IAPADH = ((Addr>>8)&0X7F);   //address to store data
  33   1        IAPADL = Addr;               //address to store data
  34   1        
  35   1        IAPADE = IAPArea;        //IAPArea=0x00 write to ROM  IAPArea=0x02 write to EEPROM
  36   1        IAPKEY = 240;            //operation time limit 
  37   1        IAPCTL = 0x06;           //CPU hold time 2ms
  38   1        _nop_();
  39   1        _nop_();
  40   1        _nop_();
  41   1        _nop_();
  42   1        _nop_();
  43   1        _nop_();
  44   1        _nop_();
  45   1        _nop_();
  46   1        IAPADE = 0x00;           //something must be done
  47   1        EA = 1;
  48   1      }
  49          
  50          //----------------------------------------------------------------------------------------------
  51          //Read from eeprom
  52          char IAPRead(int Addr,char IAPArea)
  53          {
  54   1        char ReadValue = 0x00;
C51 COMPILER V9.52.0.0   EEPROM                                                            07/15/2021 17:28:53 PAGE 2   

  55   1        EA = 0;
  56   1        IAPADE = IAPArea;        //IAPArea=0x00 read from ROM  IAPArea=0x02 read from EEPROM
  57   1        ReadValue = *(IapAddr+Addr); //Read value from specific address
  58   1        IAPADE = 0x00;               //something must be done
  59   1        EA = 1;
  60   1        return ReadValue;
  61   1      }
  62          
  63          


MODULE INFORMATION:   STATIC OVERLAYABLE
   CODE SIZE        =     66    ----
   CONSTANT SIZE    =   ----    ----
   XDATA SIZE       =   ----    ----
   PDATA SIZE       =   ----    ----
   DATA SIZE        =      2       2
   IDATA SIZE       =   ----    ----
   BIT SIZE         =   ----    ----
END OF MODULE INFORMATION.


C51 COMPILATION COMPLETE.  0 WARNING(S),  0 ERROR(S)
