C51 COMPILER V9.52.0.0   PWM                                                               07/15/2021 17:28:53 PAGE 1   


C51 COMPILER V9.52.0.0, COMPILATION OF MODULE PWM
OBJECT MODULE PLACED IN pwm.obj
COMPILER INVOKED BY: E:\DTVT program\KEIL C 5 8051\C51\BIN\C51.EXE scr\pwm.c BROWSE INCDIR(.\inc) DEBUG OBJECTEXTEND PRI
                    -NT(.\pwm.lst) TABS(2) OBJECT(pwm.obj)

line level    source

   1          #include "SC92F732x_C.H"
   2          #include "pwm.h"
   3          //----------------------------------------------------------------------------------------------
   4          //********************************************EXTERN********************************************
   5          
   6          //----------------------------------------------------------------------------------------------
   7          //********************************************DEFINE********************************************
   8          
   9          //----------------------------------------------------------------------------------------------
  10          //******************************************PROTOTYPE*******************************************
  11          
  12          //----------------------------------------------------------------------------------------------
  13          //*******************************************VARIABLE*******************************************
  14          
  15          //----------------------------------------------------------------------------------------------
  16          //*******************************************STRUCT*********************************************
  17          
  18          //----------------------------------------------------------------------------------------------
  19          //******************************************FUNCTION********************************************
  20          //----------------------------------------------------------------------------------------------
  21          //PWM congfiguration
  22          void PWM_configuration(){
  23   1                  
  24   1      }
  25          
  26          


MODULE INFORMATION:   STATIC OVERLAYABLE
   CODE SIZE        =      1    ----
   CONSTANT SIZE    =   ----    ----
   XDATA SIZE       =   ----    ----
   PDATA SIZE       =   ----    ----
   DATA SIZE        =   ----    ----
   IDATA SIZE       =   ----    ----
   BIT SIZE         =   ----    ----
END OF MODULE INFORMATION.


C51 COMPILATION COMPLETE.  0 WARNING(S),  0 ERROR(S)
