C51 COMPILER V9.52.0.0   TIMER                                                             07/15/2021 17:28:53 PAGE 1   


C51 COMPILER V9.52.0.0, COMPILATION OF MODULE TIMER
OBJECT MODULE PLACED IN timer.obj
COMPILER INVOKED BY: E:\DTVT program\KEIL C 5 8051\C51\BIN\C51.EXE scr\timer.c BROWSE INCDIR(.\inc) DEBUG OBJECTEXTEND P
                    -RINT(.\timer.lst) TABS(2) OBJECT(timer.obj)

line level    source

   1          #include "SC92F732x_C.H"
   2          #include "timer.h"
   3          //----------------------------------------------------------------------------------------------
   4          //********************************************EXTERN********************************************
   5          extern void creating_thread_timer();
   6          //----------------------------------------------------------------------------------------------
   7          //********************************************DEFINE********************************************
   8          
   9          //----------------------------------------------------------------------------------------------
  10          //******************************************PROTOTYPE*******************************************
  11          
  12          //----------------------------------------------------------------------------------------------
  13          //*******************************************VARIABLE*******************************************
  14          
  15          //----------------------------------------------------------------------------------------------
  16          //*******************************************STRUCT*********************************************
  17          
  18          //*******************************************FUNCTION*******************************************
  19          //-----------------------------config timer 0 as 1ms at 24Mhz-----------------------------------
  20          void Timer0_Init(void)
  21          { 
  22   1        TMCON = 0X07;    //------111 ;Timer0,Tiemr1,Tiemr2
  23   1        
  24   1        //T0设置
  25   1        TMOD |= 0x01;                 //0000 0001;Timer0
  26   1        TL0 = (65536 - 12000)%256;    //12Mhz 1/Fsys=1ms;
  27   1        TH0 = (65536 - 12000)/256;
  28   1        TR0 = 0;
  29   1        ET0 = 1;
  30   1        TR0 = 1;
  31   1        //T1设置
  32   1      //  TMOD |= 0x20;            //0010 0000;Timer1设置工作方式2
  33   1      //  TL1 = 256 - 240;   //溢出时间：时钟为Fsys，则240*（1/Fsys）=10us;
  34   1      //  TH1 = 256 - 240;
  35   1      //  TR1 = 0;
  36   1      //  ET1 = 1;//定时器1允许
  37   1      //  TR1 = 1;//打开定时器1
  38   1        //T2设置
  39   1      //  T2MOD = 0x00;
  40   1      //  T2CON = 0x00;  //设置为16位重载寄存器
  41   1      //  RCAP2H = (65536-48000)/256;     //溢出时间：时钟为Fsys，则48000*（1/Fsys）=2ms;
  42   1      //  RCAP2L = (65536-48000)%256;
  43   1      //  TR2 = 0;
  44   1      //  ET2 = 1;//定时器2允许
  45   1      //  TR2 = 1;//打开定时器2   
  46   1        /*
  47   1        //Timer2捕获功能
  48   1        T2CON = 0X09; //使能EXT2，16位捕获模式
  49   1        T2MOD = 0X00;
  50   1        TH2 = 0X00;
  51   1        TL2 = 0X00;
  52   1        RCAP2H = 0X00;
  53   1        RCAP2L = 0X00;
  54   1        TR2 = 0;
C51 COMPILER V9.52.0.0   TIMER                                                             07/15/2021 17:28:53 PAGE 2   

  55   1        ET2 = 1;//定时器2允许
  56   1        TR2 = 1;//打开定时器2 
  57   1        */
  58   1        
  59   1        EA = 1; 
  60   1      }
  61          //------------------------------------------------------------------------------------------------
  62          //----------------------------------ISR interrupt 1 for timer 0-----------------------------------
  63          void timer0() interrupt 1
  64          {
  65   1        creating_thread_timer();
  66   1        TL0 = (65536 - 12000)%256;
  67   1        TH0 = (65536 - 12000)/256;
  68   1        
  69   1        //P25 = ~P25; 
  70   1      }
  71          


MODULE INFORMATION:   STATIC OVERLAYABLE
   CODE SIZE        =     86    ----
   CONSTANT SIZE    =   ----    ----
   XDATA SIZE       =   ----    ----
   PDATA SIZE       =   ----    ----
   DATA SIZE        =   ----    ----
   IDATA SIZE       =   ----    ----
   BIT SIZE         =   ----    ----
END OF MODULE INFORMATION.


C51 COMPILATION COMPLETE.  0 WARNING(S),  0 ERROR(S)
